shared/amip_interp/amip_interp.html
shared/amip_interp/amip_interp.rey_oi.txt
shared/axis_utils/axis_utils.html
shared/constants/constants.html
shared/data_override/data_override.html
shared/diag_manager/diag_manager.html
shared/diag_manager/diag_table_tk.html
shared/exchange/xgrid.html
shared/fft/fft.html
shared/field_manager/field_manager.html
shared/fms/fms.html
shared/fms/fms_io.html
shared/horiz_interp/horiz_interp.html
shared/horiz_interp/horiz_interp_bilinear.html
shared/horiz_interp/horiz_interp_conserve.html
shared/horiz_interp/horiz_interp_spherical.html
shared/horiz_interp/horiz_interp_type.html
shared/mpp/mpp.html
shared/mpp/mpp_domains.html
shared/mpp/mpp_io.html
shared/platform/platform.html
shared/sat_vapor_pres/sat_vapor_pres.html
shared/spherical_regrid/spherical_regrid.html
shared/time_interp/time_interp.html
shared/time_interp/time_interp_external.html
shared/time_manager/time_manager.html
shared/topography/gaussian_topog.html
shared/topography/topography.html
shared/tracer_manager/tracer_manager.html
shared/tridiagonal/tridiagonal.html
